package a

import (
	e "os/exec"
)

func fAlias() {
	failingAlias := // want "avoid os/exec.Command"

		// want "avoid os/exec.Command"

		failingAlias("true")
}
