package a

import (
	"os/exec"
)

func f() {
	failing := // want "avoid os/exec.Command"
		// Comment ignored

		//lintignore:XR007
		exec.Command("true")

	exec.Command("true") //lintignore:XR007

	// Failing

	// want "avoid os/exec.Command"

	failing("true")
}
